// Vitest Snapshot v1, https://vitest.dev/guide/snapshot.html

exports[`Navbar > should match snapshot 1`] = `
<div>
  <header
    class="flex flex-col lg:flex-row"
  >
    <div
      class="flex justify-between items-center"
    >
      <a
        class="text-4xl text-green-700 font-bold p-2"
        href="/"
      >
        Clochette
      </a>
      <button
        aria-label="hamburger-menu"
        class="lg:hidden"
        id="hamburger-menu"
      >
        <span
          class="bg-gray-600 dark:bg-gray-300"
        />
        <span
          class="bg-gray-600 dark:bg-gray-300"
        />
        <span
          class="bg-gray-600 dark:bg-gray-300"
        />
      </button>
    </div>
    <div
      class="hidden lg:flex flex-col lg:flex-row items-center flex-grow"
    >
      <div
        class="flex p-2 justify-start flex-grow self-start lg:self-center h-full flex-col lg:flex-row pb-4 space-y-2 lg:space-y-0 lg:items-end lg:mb-2"
      >
        <a
          class="text-xl hover:underline mx-4 w-max xl:mx-6"
          href="/transaction/vente"
        >
          Transaction
        </a>
        <a
          class="text-xl hover:underline mx-4 w-max xl:mx-6"
          href="/stock"
        >
          Stock
        </a>
        <a
          class="text-xl hover:underline mx-4 w-max xl:mx-6"
          href="/transaction-history"
        >
          Historique
        </a>
        <a
          class="text-xl hover:underline mx-4 w-max xl:mx-6"
          href="/configuration"
        >
          Configuration
        </a>
      </div>
      <div
        class="flex flex-row justify-end flex-wrap lg:flex-nowrap"
      >
        <div
          class="justify-center self-center mr-4"
        >
          <div
            class="flex"
          >
            <button
              class="inline-flex items-center justify-center rounded-md text-sm font-medium transition-colors focus-visible:outline-none focus-visible:ring-1 focus-visible:ring-ring disabled:pointer-events-none disabled:opacity-50 bg-primary text-primary-foreground shadow hover:bg-primary/90 h-9 px-4 py-2"
            >
              Se d√©connecter
            </button>
            <a
              class="ml-4"
              href="/account"
            >
              <button
                class="inline-flex items-center justify-center rounded-md text-sm font-medium transition-colors focus-visible:outline-none focus-visible:ring-1 focus-visible:ring-ring disabled:pointer-events-none disabled:opacity-50 bg-primary text-primary-foreground shadow hover:bg-primary/90 h-9 px-4 py-2"
              >
                <svg
                  class="h-5 w-5"
                  fill="none"
                  height="15"
                  viewBox="0 0 15 15"
                  width="15"
                  xmlns="http://www.w3.org/2000/svg"
                >
                  <path
                    clip-rule="evenodd"
                    d="M7.5 0.875C5.49797 0.875 3.875 2.49797 3.875 4.5C3.875 6.15288 4.98124 7.54738 6.49373 7.98351C5.2997 8.12901 4.27557 8.55134 3.50407 9.31167C2.52216 10.2794 2.02502 11.72 2.02502 13.5999C2.02502 13.8623 2.23769 14.0749 2.50002 14.0749C2.76236 14.0749 2.97502 13.8623 2.97502 13.5999C2.97502 11.8799 3.42786 10.7206 4.17091 9.9883C4.91536 9.25463 6.02674 8.87499 7.49995 8.87499C8.97317 8.87499 10.0846 9.25463 10.8291 9.98831C11.5721 10.7206 12.025 11.8799 12.025 13.5999C12.025 13.8623 12.2376 14.0749 12.5 14.0749C12.7623 14.075 12.975 13.8623 12.975 13.6C12.975 11.72 12.4778 10.2794 11.4959 9.31166C10.7244 8.55135 9.70025 8.12903 8.50625 7.98352C10.0187 7.5474 11.125 6.15289 11.125 4.5C11.125 2.49797 9.50203 0.875 7.5 0.875ZM4.825 4.5C4.825 3.02264 6.02264 1.825 7.5 1.825C8.97736 1.825 10.175 3.02264 10.175 4.5C10.175 5.97736 8.97736 7.175 7.5 7.175C6.02264 7.175 4.825 5.97736 4.825 4.5Z"
                    fill="currentColor"
                    fill-rule="evenodd"
                  />
                </svg>
              </button>
            </a>
          </div>
        </div>
      </div>
    </div>
  </header>
</div>
`;
