// Vitest Snapshot v1, https://vitest.dev/guide/snapshot.html

exports[`accountColumns > should render all columns 1`] = `
<div>
  <div
    class="space-y-4 lg:mx-8 mx-2"
  >
    <div
      class="rounded-md border"
    >
      <div
        class="w-full overflow-auto"
      >
        <table
          class="w-full table-auto caption-bottom text-sm"
        >
          <thead
            class="[&_tr]:border-b"
          >
            <tr
              class="border-b transition-colors hover:bg-muted/50 data-[state=selected]:bg-muted"
            >
              <th
                class="h-10 px-2 text-left align-middle font-medium text-muted-foreground [&:has([role=checkbox])]:pr-0 [&>[role=checkbox]]:translate-y-[2px]"
              />
              <th
                class="h-10 px-2 text-left align-middle font-medium text-muted-foreground [&:has([role=checkbox])]:pr-0 [&>[role=checkbox]]:translate-y-[2px]"
              />
              <th
                class="h-10 px-2 text-left align-middle font-medium text-muted-foreground [&:has([role=checkbox])]:pr-0 [&>[role=checkbox]]:translate-y-[2px]"
              >
                <div
                  class=""
                >
                  Quantité
                </div>
              </th>
              <th
                class="h-10 px-2 text-left align-middle font-medium text-muted-foreground [&:has([role=checkbox])]:pr-0 [&>[role=checkbox]]:translate-y-[2px]"
              >
                <div
                  class="flex items-center space-x-2"
                >
                  <button
                    aria-expanded="false"
                    aria-haspopup="menu"
                    class="inline-flex items-center justify-center font-medium transition-colors focus-visible:outline-none focus-visible:ring-1 focus-visible:ring-ring disabled:pointer-events-none disabled:opacity-50 hover:bg-accent hover:text-accent-foreground rounded-md px-3 text-xs -ml-3 h-8 data-[state=open]:bg-accent min-w-max"
                    data-state="closed"
                    id="radix-:r0:"
                    type="button"
                  >
                    <span>
                      Nom
                    </span>
                    <svg
                      class="ml-2 h-4 w-4"
                      fill="none"
                      height="15"
                      viewBox="0 0 15 15"
                      width="15"
                      xmlns="http://www.w3.org/2000/svg"
                    >
                      <path
                        clip-rule="evenodd"
                        d="M4.93179 5.43179C4.75605 5.60753 4.75605 5.89245 4.93179 6.06819C5.10753 6.24392 5.39245 6.24392 5.56819 6.06819L7.49999 4.13638L9.43179 6.06819C9.60753 6.24392 9.89245 6.24392 10.0682 6.06819C10.2439 5.89245 10.2439 5.60753 10.0682 5.43179L7.81819 3.18179C7.73379 3.0974 7.61933 3.04999 7.49999 3.04999C7.38064 3.04999 7.26618 3.0974 7.18179 3.18179L4.93179 5.43179ZM10.0682 9.56819C10.2439 9.39245 10.2439 9.10753 10.0682 8.93179C9.89245 8.75606 9.60753 8.75606 9.43179 8.93179L7.49999 10.8636L5.56819 8.93179C5.39245 8.75606 5.10753 8.75606 4.93179 8.93179C4.75605 9.10753 4.75605 9.39245 4.93179 9.56819L7.18179 11.8182C7.35753 11.9939 7.64245 11.9939 7.81819 11.8182L10.0682 9.56819Z"
                        fill="currentColor"
                        fill-rule="evenodd"
                      />
                    </svg>
                  </button>
                </div>
              </th>
              <th
                class="h-10 px-2 text-left align-middle font-medium text-muted-foreground [&:has([role=checkbox])]:pr-0 [&>[role=checkbox]]:translate-y-[2px]"
              >
                <div
                  class="flex items-center space-x-2"
                >
                  <button
                    aria-expanded="false"
                    aria-haspopup="menu"
                    class="inline-flex items-center justify-center font-medium transition-colors focus-visible:outline-none focus-visible:ring-1 focus-visible:ring-ring disabled:pointer-events-none disabled:opacity-50 hover:bg-accent hover:text-accent-foreground rounded-md px-3 text-xs -ml-3 h-8 data-[state=open]:bg-accent min-w-max"
                    data-state="closed"
                    id="radix-:r2:"
                    type="button"
                  >
                    <span>
                      Prix de vente du verre
                    </span>
                    <svg
                      class="ml-2 h-4 w-4"
                      fill="none"
                      height="15"
                      viewBox="0 0 15 15"
                      width="15"
                      xmlns="http://www.w3.org/2000/svg"
                    >
                      <path
                        clip-rule="evenodd"
                        d="M4.93179 5.43179C4.75605 5.60753 4.75605 5.89245 4.93179 6.06819C5.10753 6.24392 5.39245 6.24392 5.56819 6.06819L7.49999 4.13638L9.43179 6.06819C9.60753 6.24392 9.89245 6.24392 10.0682 6.06819C10.2439 5.89245 10.2439 5.60753 10.0682 5.43179L7.81819 3.18179C7.73379 3.0974 7.61933 3.04999 7.49999 3.04999C7.38064 3.04999 7.26618 3.0974 7.18179 3.18179L4.93179 5.43179ZM10.0682 9.56819C10.2439 9.39245 10.2439 9.10753 10.0682 8.93179C9.89245 8.75606 9.60753 8.75606 9.43179 8.93179L7.49999 10.8636L5.56819 8.93179C5.39245 8.75606 5.10753 8.75606 4.93179 8.93179C4.75605 9.10753 4.75605 9.39245 4.93179 9.56819L7.18179 11.8182C7.35753 11.9939 7.64245 11.9939 7.81819 11.8182L10.0682 9.56819Z"
                        fill="currentColor"
                        fill-rule="evenodd"
                      />
                    </svg>
                  </button>
                </div>
              </th>
              <th
                class="h-10 px-2 text-left align-middle font-medium text-muted-foreground [&:has([role=checkbox])]:pr-0 [&>[role=checkbox]]:translate-y-[2px]"
              >
                <div
                  class=""
                >
                  Monter un fût
                </div>
              </th>
              <th
                class="h-10 px-2 text-left align-middle font-medium text-muted-foreground [&:has([role=checkbox])]:pr-0 [&>[role=checkbox]]:translate-y-[2px]"
              />
            </tr>
          </thead>
          <tbody
            class="[&_tr:last-child]:border-0"
          >
            <tr
              class="border-b transition-colors hover:bg-muted/50 data-[state=selected]:bg-muted"
            >
              <td
                class="p-2 align-middle [&:has([role=checkbox])]:pr-0 [&>[role=checkbox]]:translate-y-[2px]"
              >
                <div
                  class="sm:hidden flex items-center"
                >
                  <button
                    aria-expanded="false"
                    aria-haspopup="menu"
                    class="items-center justify-center rounded-md text-sm font-medium transition-colors focus-visible:outline-none focus-visible:ring-1 focus-visible:ring-ring disabled:pointer-events-none disabled:opacity-50 hover:bg-accent hover:text-accent-foreground flex h-8 w-8 p-0 data-[state=open]:bg-muted"
                    data-state="closed"
                    id="radix-:r7:"
                    type="button"
                  >
                    <svg
                      class="h-4 w-4"
                      fill="none"
                      height="15"
                      viewBox="0 0 15 15"
                      width="15"
                      xmlns="http://www.w3.org/2000/svg"
                    >
                      <path
                        clip-rule="evenodd"
                        d="M3.625 7.5C3.625 8.12132 3.12132 8.625 2.5 8.625C1.87868 8.625 1.375 8.12132 1.375 7.5C1.375 6.87868 1.87868 6.375 2.5 6.375C3.12132 6.375 3.625 6.87868 3.625 7.5ZM8.625 7.5C8.625 8.12132 8.12132 8.625 7.5 8.625C6.87868 8.625 6.375 8.12132 6.375 7.5C6.375 6.87868 6.87868 6.375 7.5 6.375C8.12132 6.375 8.625 6.87868 8.625 7.5ZM12.5 8.625C13.1213 8.625 13.625 8.12132 13.625 7.5C13.625 6.87868 13.1213 6.375 12.5 6.375C11.8787 6.375 11.375 6.87868 11.375 7.5C11.375 8.12132 11.8787 8.625 12.5 8.625Z"
                        fill="currentColor"
                        fill-rule="evenodd"
                      />
                    </svg>
                    <span
                      class="sr-only"
                    >
                      Open menu
                    </span>
                  </button>
                </div>
              </td>
              <td
                class="p-2 align-middle [&:has([role=checkbox])]:pr-0 [&>[role=checkbox]]:translate-y-[2px]"
              >
                <span
                  class="flex items-center"
                >
                  <svg
                    aria-label="icon"
                    class="w-8 h-8"
                    data-testid="Barrel"
                    viewBox="0 0 24 24"
                  >
                    <g
                      fill="none"
                      stroke="currentColor"
                      stroke-linecap="round"
                      stroke-linejoin="round"
                      stroke-width="0.5"
                    >
                      <path
                        d="M7.278 4h9.444a2 2 0 0 1 1.841 1.22C19.521 7.48 20 9.74 20 12c0 2.26-.479 4.52-1.437 6.78A2 2 0 0 1 16.722 20H7.278a2 2 0 0 1-1.841-1.22C4.479 16.52 4 14.26 4 12c0-2.26.479-4.52 1.437-6.78A2 2 0 0 1 7.278 4z"
                      />
                      <path
                        d="M14 4c.667 2.667 1 5.333 1 8s-.333 5.333-1 8M10 4c-.667 2.667-1 5.333-1 8s.333 5.333 1 8m-5.5-4h15m0-8h-15"
                      />
                    </g>
                  </svg>
                </span>
              </td>
              <td
                class="p-2 align-middle [&:has([role=checkbox])]:pr-0 [&>[role=checkbox]]:translate-y-[2px]"
              >
                2
              </td>
              <td
                class="p-2 align-middle [&:has([role=checkbox])]:pr-0 [&>[role=checkbox]]:translate-y-[2px]"
              >
                Blanche
              </td>
              <td
                class="p-2 align-middle [&:has([role=checkbox])]:pr-0 [&>[role=checkbox]]:translate-y-[2px]"
              >
                2,50 €
              </td>
              <td
                class="p-2 align-middle [&:has([role=checkbox])]:pr-0 [&>[role=checkbox]]:translate-y-[2px]"
              >
                <button
                  class="text-sm font-medium focus:outline-none focus-visible:ring-2 focus-visible:ring-white focus-visible:ring-opacity-75 transition ease-in duration-200 rounded-md shadow-md transform enabled:hover:-translate-y-1 active:translate-y-0 disabled:opacity-50 disabled:cursor-not-allowed focus:outline-1 bg-cyan-600 text-white hover:bg-cyan-700 disabled:bg-cyan-800 border-cyan-600 focus:outline-cyan-600"
                  disabled=""
                >
                  <div
                    class="px-4 py-2 flex justify-center"
                  >
                    Monter
                  </div>
                </button>
              </td>
              <td
                class="p-2 align-middle [&:has([role=checkbox])]:pr-0 [&>[role=checkbox]]:translate-y-[2px]"
              >
                <div
                  class="hidden sm:flex items-center"
                >
                  <button
                    aria-expanded="false"
                    aria-haspopup="menu"
                    class="items-center justify-center rounded-md text-sm font-medium transition-colors focus-visible:outline-none focus-visible:ring-1 focus-visible:ring-ring disabled:pointer-events-none disabled:opacity-50 hover:bg-accent hover:text-accent-foreground flex h-8 w-8 p-0 data-[state=open]:bg-muted"
                    data-state="closed"
                    id="radix-:rc:"
                    type="button"
                  >
                    <svg
                      class="h-4 w-4"
                      fill="none"
                      height="15"
                      viewBox="0 0 15 15"
                      width="15"
                      xmlns="http://www.w3.org/2000/svg"
                    >
                      <path
                        clip-rule="evenodd"
                        d="M3.625 7.5C3.625 8.12132 3.12132 8.625 2.5 8.625C1.87868 8.625 1.375 8.12132 1.375 7.5C1.375 6.87868 1.87868 6.375 2.5 6.375C3.12132 6.375 3.625 6.87868 3.625 7.5ZM8.625 7.5C8.625 8.12132 8.12132 8.625 7.5 8.625C6.87868 8.625 6.375 8.12132 6.375 7.5C6.375 6.87868 6.87868 6.375 7.5 6.375C8.12132 6.375 8.625 6.87868 8.625 7.5ZM12.5 8.625C13.1213 8.625 13.625 8.12132 13.625 7.5C13.625 6.87868 13.1213 6.375 12.5 6.375C11.8787 6.375 11.375 6.87868 11.375 7.5C11.375 8.12132 11.8787 8.625 12.5 8.625Z"
                        fill="currentColor"
                        fill-rule="evenodd"
                      />
                    </svg>
                    <span
                      class="sr-only"
                    >
                      Open menu
                    </span>
                  </button>
                </div>
              </td>
            </tr>
            <tr
              class="border-b transition-colors hover:bg-muted/50 data-[state=selected]:bg-muted"
            >
              <td
                class="p-2 align-middle [&:has([role=checkbox])]:pr-0 [&>[role=checkbox]]:translate-y-[2px]"
              >
                <div
                  class="sm:hidden flex items-center"
                >
                  <button
                    aria-expanded="false"
                    aria-haspopup="menu"
                    class="items-center justify-center rounded-md text-sm font-medium transition-colors focus-visible:outline-none focus-visible:ring-1 focus-visible:ring-ring disabled:pointer-events-none disabled:opacity-50 hover:bg-accent hover:text-accent-foreground flex h-8 w-8 p-0 data-[state=open]:bg-muted"
                    data-state="closed"
                    id="radix-:rh:"
                    type="button"
                  >
                    <svg
                      class="h-4 w-4"
                      fill="none"
                      height="15"
                      viewBox="0 0 15 15"
                      width="15"
                      xmlns="http://www.w3.org/2000/svg"
                    >
                      <path
                        clip-rule="evenodd"
                        d="M3.625 7.5C3.625 8.12132 3.12132 8.625 2.5 8.625C1.87868 8.625 1.375 8.12132 1.375 7.5C1.375 6.87868 1.87868 6.375 2.5 6.375C3.12132 6.375 3.625 6.87868 3.625 7.5ZM8.625 7.5C8.625 8.12132 8.12132 8.625 7.5 8.625C6.87868 8.625 6.375 8.12132 6.375 7.5C6.375 6.87868 6.87868 6.375 7.5 6.375C8.12132 6.375 8.625 6.87868 8.625 7.5ZM12.5 8.625C13.1213 8.625 13.625 8.12132 13.625 7.5C13.625 6.87868 13.1213 6.375 12.5 6.375C11.8787 6.375 11.375 6.87868 11.375 7.5C11.375 8.12132 11.8787 8.625 12.5 8.625Z"
                        fill="currentColor"
                        fill-rule="evenodd"
                      />
                    </svg>
                    <span
                      class="sr-only"
                    >
                      Open menu
                    </span>
                  </button>
                </div>
              </td>
              <td
                class="p-2 align-middle [&:has([role=checkbox])]:pr-0 [&>[role=checkbox]]:translate-y-[2px]"
              >
                <span
                  class="flex items-center"
                >
                  <svg
                    aria-label="icon"
                    class="w-8 h-8"
                    data-testid="Barrel"
                    viewBox="0 0 24 24"
                  >
                    <g
                      fill="none"
                      stroke="currentColor"
                      stroke-linecap="round"
                      stroke-linejoin="round"
                      stroke-width="0.5"
                    >
                      <path
                        d="M7.278 4h9.444a2 2 0 0 1 1.841 1.22C19.521 7.48 20 9.74 20 12c0 2.26-.479 4.52-1.437 6.78A2 2 0 0 1 16.722 20H7.278a2 2 0 0 1-1.841-1.22C4.479 16.52 4 14.26 4 12c0-2.26.479-4.52 1.437-6.78A2 2 0 0 1 7.278 4z"
                      />
                      <path
                        d="M14 4c.667 2.667 1 5.333 1 8s-.333 5.333-1 8M10 4c-.667 2.667-1 5.333-1 8s.333 5.333 1 8m-5.5-4h15m0-8h-15"
                      />
                    </g>
                  </svg>
                </span>
              </td>
              <td
                class="p-2 align-middle [&:has([role=checkbox])]:pr-0 [&>[role=checkbox]]:translate-y-[2px]"
              >
                5
              </td>
              <td
                class="p-2 align-middle [&:has([role=checkbox])]:pr-0 [&>[role=checkbox]]:translate-y-[2px]"
              >
                Rouge
              </td>
              <td
                class="p-2 align-middle [&:has([role=checkbox])]:pr-0 [&>[role=checkbox]]:translate-y-[2px]"
              >
                2,50 €
              </td>
              <td
                class="p-2 align-middle [&:has([role=checkbox])]:pr-0 [&>[role=checkbox]]:translate-y-[2px]"
              >
                <button
                  class="text-sm font-medium focus:outline-none focus-visible:ring-2 focus-visible:ring-white focus-visible:ring-opacity-75 transition ease-in duration-200 rounded-md shadow-md transform enabled:hover:-translate-y-1 active:translate-y-0 disabled:opacity-50 disabled:cursor-not-allowed focus:outline-1 bg-cyan-600 text-white hover:bg-cyan-700 disabled:bg-cyan-800 border-cyan-600 focus:outline-cyan-600"
                  disabled=""
                >
                  <div
                    class="px-4 py-2 flex justify-center"
                  >
                    Monter
                  </div>
                </button>
              </td>
              <td
                class="p-2 align-middle [&:has([role=checkbox])]:pr-0 [&>[role=checkbox]]:translate-y-[2px]"
              >
                <div
                  class="hidden sm:flex items-center"
                >
                  <button
                    aria-expanded="false"
                    aria-haspopup="menu"
                    class="items-center justify-center rounded-md text-sm font-medium transition-colors focus-visible:outline-none focus-visible:ring-1 focus-visible:ring-ring disabled:pointer-events-none disabled:opacity-50 hover:bg-accent hover:text-accent-foreground flex h-8 w-8 p-0 data-[state=open]:bg-muted"
                    data-state="closed"
                    id="radix-:rm:"
                    type="button"
                  >
                    <svg
                      class="h-4 w-4"
                      fill="none"
                      height="15"
                      viewBox="0 0 15 15"
                      width="15"
                      xmlns="http://www.w3.org/2000/svg"
                    >
                      <path
                        clip-rule="evenodd"
                        d="M3.625 7.5C3.625 8.12132 3.12132 8.625 2.5 8.625C1.87868 8.625 1.375 8.12132 1.375 7.5C1.375 6.87868 1.87868 6.375 2.5 6.375C3.12132 6.375 3.625 6.87868 3.625 7.5ZM8.625 7.5C8.625 8.12132 8.12132 8.625 7.5 8.625C6.87868 8.625 6.375 8.12132 6.375 7.5C6.375 6.87868 6.87868 6.375 7.5 6.375C8.12132 6.375 8.625 6.87868 8.625 7.5ZM12.5 8.625C13.1213 8.625 13.625 8.12132 13.625 7.5C13.625 6.87868 13.1213 6.375 12.5 6.375C11.8787 6.375 11.375 6.87868 11.375 7.5C11.375 8.12132 11.8787 8.625 12.5 8.625Z"
                        fill="currentColor"
                        fill-rule="evenodd"
                      />
                    </svg>
                    <span
                      class="sr-only"
                    >
                      Open menu
                    </span>
                  </button>
                </div>
              </td>
            </tr>
          </tbody>
        </table>
      </div>
    </div>
    <div
      class="flex items-center justify-end px-2 flex-wrap gap-2"
    >
      <div
        class="flex items-center gap-x-6 lg:gap-x-8 flex-wrap"
      >
        <div
          class="md:flex items-center gap-2 hidden"
        >
          <p
            class="text-sm font-medium"
          >
            Lignes par page
          </p>
          <button
            aria-autocomplete="none"
            aria-controls="radix-:ro:"
            aria-expanded="false"
            class="flex items-center justify-between rounded-md border border-input bg-transparent px-3 py-2 text-sm shadow-sm ring-offset-background placeholder:text-muted-foreground focus:outline-none focus:ring-1 focus:ring-ring disabled:cursor-not-allowed disabled:opacity-50 h-8 w-16"
            data-state="closed"
            dir="ltr"
            role="combobox"
            type="button"
          >
            <span
              style="pointer-events: none;"
            >
              10
            </span>
            <svg
              aria-hidden="true"
              class="h-4 w-4 opacity-50"
              fill="none"
              height="15"
              viewBox="0 0 15 15"
              width="15"
              xmlns="http://www.w3.org/2000/svg"
            >
              <path
                clip-rule="evenodd"
                d="M4.93179 5.43179C4.75605 5.60753 4.75605 5.89245 4.93179 6.06819C5.10753 6.24392 5.39245 6.24392 5.56819 6.06819L7.49999 4.13638L9.43179 6.06819C9.60753 6.24392 9.89245 6.24392 10.0682 6.06819C10.2439 5.89245 10.2439 5.60753 10.0682 5.43179L7.81819 3.18179C7.73379 3.0974 7.61933 3.04999 7.49999 3.04999C7.38064 3.04999 7.26618 3.0974 7.18179 3.18179L4.93179 5.43179ZM10.0682 9.56819C10.2439 9.39245 10.2439 9.10753 10.0682 8.93179C9.89245 8.75606 9.60753 8.75606 9.43179 8.93179L7.49999 10.8636L5.56819 8.93179C5.39245 8.75606 5.10753 8.75606 4.93179 8.93179C4.75605 9.10753 4.75605 9.39245 4.93179 9.56819L7.18179 11.8182C7.35753 11.9939 7.64245 11.9939 7.81819 11.8182L10.0682 9.56819Z"
                fill="currentColor"
                fill-rule="evenodd"
              />
            </svg>
          </button>
        </div>
        <div
          class="flex w-20 items-center justify-center text-sm font-medium"
        >
          Page 
          1
           sur 
          1
        </div>
        <div
          class="flex items-center gap-2"
        >
          <button
            class="items-center justify-center rounded-md text-sm font-medium transition-colors focus-visible:outline-none focus-visible:ring-1 focus-visible:ring-ring disabled:pointer-events-none disabled:opacity-50 border border-input bg-transparent shadow-sm hover:bg-accent hover:text-accent-foreground hidden h-8 w-8 p-0 lg:flex"
            disabled=""
          >
            <span
              class="sr-only"
            >
              Go to first page
            </span>
            <svg
              class="h-4 w-4"
              fill="none"
              height="15"
              viewBox="0 0 15 15"
              width="15"
              xmlns="http://www.w3.org/2000/svg"
            >
              <path
                clip-rule="evenodd"
                d="M6.85355 3.85355C7.04882 3.65829 7.04882 3.34171 6.85355 3.14645C6.65829 2.95118 6.34171 2.95118 6.14645 3.14645L2.14645 7.14645C1.95118 7.34171 1.95118 7.65829 2.14645 7.85355L6.14645 11.8536C6.34171 12.0488 6.65829 12.0488 6.85355 11.8536C7.04882 11.6583 7.04882 11.3417 6.85355 11.1464L3.20711 7.5L6.85355 3.85355ZM12.8536 3.85355C13.0488 3.65829 13.0488 3.34171 12.8536 3.14645C12.6583 2.95118 12.3417 2.95118 12.1464 3.14645L8.14645 7.14645C7.95118 7.34171 7.95118 7.65829 8.14645 7.85355L12.1464 11.8536C12.3417 12.0488 12.6583 12.0488 12.8536 11.8536C13.0488 11.6583 13.0488 11.3417 12.8536 11.1464L9.20711 7.5L12.8536 3.85355Z"
                fill="currentColor"
                fill-rule="evenodd"
              />
            </svg>
          </button>
          <button
            class="inline-flex items-center justify-center rounded-md text-sm font-medium transition-colors focus-visible:outline-none focus-visible:ring-1 focus-visible:ring-ring disabled:pointer-events-none disabled:opacity-50 border border-input bg-transparent shadow-sm hover:bg-accent hover:text-accent-foreground h-8 w-8 p-0"
            disabled=""
          >
            <span
              class="sr-only"
            >
              Go to previous page
            </span>
            <svg
              class="h-4 w-4"
              fill="none"
              height="15"
              viewBox="0 0 15 15"
              width="15"
              xmlns="http://www.w3.org/2000/svg"
            >
              <path
                clip-rule="evenodd"
                d="M8.84182 3.13514C9.04327 3.32401 9.05348 3.64042 8.86462 3.84188L5.43521 7.49991L8.86462 11.1579C9.05348 11.3594 9.04327 11.6758 8.84182 11.8647C8.64036 12.0535 8.32394 12.0433 8.13508 11.8419L4.38508 7.84188C4.20477 7.64955 4.20477 7.35027 4.38508 7.15794L8.13508 3.15794C8.32394 2.95648 8.64036 2.94628 8.84182 3.13514Z"
                fill="currentColor"
                fill-rule="evenodd"
              />
            </svg>
          </button>
          <button
            class="inline-flex items-center justify-center rounded-md text-sm font-medium transition-colors focus-visible:outline-none focus-visible:ring-1 focus-visible:ring-ring disabled:pointer-events-none disabled:opacity-50 border border-input bg-transparent shadow-sm hover:bg-accent hover:text-accent-foreground h-8 w-8 p-0"
            disabled=""
          >
            <span
              class="sr-only"
            >
              Go to next page
            </span>
            <svg
              class="h-4 w-4"
              fill="none"
              height="15"
              viewBox="0 0 15 15"
              width="15"
              xmlns="http://www.w3.org/2000/svg"
            >
              <path
                clip-rule="evenodd"
                d="M6.1584 3.13508C6.35985 2.94621 6.67627 2.95642 6.86514 3.15788L10.6151 7.15788C10.7954 7.3502 10.7954 7.64949 10.6151 7.84182L6.86514 11.8418C6.67627 12.0433 6.35985 12.0535 6.1584 11.8646C5.95694 11.6757 5.94673 11.3593 6.1356 11.1579L9.565 7.49985L6.1356 3.84182C5.94673 3.64036 5.95694 3.32394 6.1584 3.13508Z"
                fill="currentColor"
                fill-rule="evenodd"
              />
            </svg>
          </button>
          <button
            class="items-center justify-center rounded-md text-sm font-medium transition-colors focus-visible:outline-none focus-visible:ring-1 focus-visible:ring-ring disabled:pointer-events-none disabled:opacity-50 border border-input bg-transparent shadow-sm hover:bg-accent hover:text-accent-foreground hidden h-8 w-8 p-0 lg:flex"
            disabled=""
          >
            <span
              class="sr-only"
            >
              Go to last page
            </span>
            <svg
              class="h-4 w-4"
              fill="none"
              height="15"
              viewBox="0 0 15 15"
              width="15"
              xmlns="http://www.w3.org/2000/svg"
            >
              <path
                clip-rule="evenodd"
                d="M2.14645 11.1464C1.95118 11.3417 1.95118 11.6583 2.14645 11.8536C2.34171 12.0488 2.65829 12.0488 2.85355 11.8536L6.85355 7.85355C7.04882 7.65829 7.04882 7.34171 6.85355 7.14645L2.85355 3.14645C2.65829 2.95118 2.34171 2.95118 2.14645 3.14645C1.95118 3.34171 1.95118 3.65829 2.14645 3.85355L5.79289 7.5L2.14645 11.1464ZM8.14645 11.1464C7.95118 11.3417 7.95118 11.6583 8.14645 11.8536C8.34171 12.0488 8.65829 12.0488 8.85355 11.8536L12.8536 7.85355C13.0488 7.65829 13.0488 7.34171 12.8536 7.14645L8.85355 3.14645C8.65829 2.95118 8.34171 2.95118 8.14645 3.14645C7.95118 3.34171 7.95118 3.65829 8.14645 3.85355L11.7929 7.5L8.14645 11.1464Z"
                fill="currentColor"
                fill-rule="evenodd"
              />
            </svg>
          </button>
        </div>
      </div>
    </div>
  </div>
</div>
`;
