// Vitest Snapshot v1, https://vitest.dev/guide/snapshot.html

exports[`BarrelCard > renders the barrel card 1`] = `
<div>
  <div
    class="flex bg-card rounded-lg shadow-md border relative px-6"
  >
    <button
      class="absolute right-4 top-4 rounded-sm opacity-70 ring-offset-background transition-opacity hover:opacity-100 focus:outline-none focus:ring-2 focus:ring-ring focus:ring-offset-2 disabled:pointer-events-none data-[state=open]:bg-accent data-[state=open]:text-muted-foreground"
      data-state="closed"
    >
      <svg
        class="h-4 w-4"
        fill="none"
        height="15"
        viewBox="0 0 15 15"
        width="15"
        xmlns="http://www.w3.org/2000/svg"
      >
        <path
          clip-rule="evenodd"
          d="M11.7816 4.03157C12.0062 3.80702 12.0062 3.44295 11.7816 3.2184C11.5571 2.99385 11.193 2.99385 10.9685 3.2184L7.50005 6.68682L4.03164 3.2184C3.80708 2.99385 3.44301 2.99385 3.21846 3.2184C2.99391 3.44295 2.99391 3.80702 3.21846 4.03157L6.68688 7.49999L3.21846 10.9684C2.99391 11.193 2.99391 11.557 3.21846 11.7816C3.44301 12.0061 3.80708 12.0061 4.03164 11.7816L7.50005 8.31316L10.9685 11.7816C11.193 12.0061 11.5571 12.0061 11.7816 11.7816C12.0062 11.557 12.0062 11.193 11.7816 10.9684L8.31322 7.49999L11.7816 4.03157Z"
          fill="currentColor"
          fill-rule="evenodd"
        />
      </svg>
      <span
        class="sr-only"
      >
        Unmount
      </span>
    </button>
    <div
      class="flex flex-col px-2 py-4 items-center w-full gap-2 mt-2"
    >
      <h1
        class="text-xl font-semibold uppercase [hyphens:_auto] text-center"
      >
        Mock Barrel
      </h1>
      <svg
        aria-label="icon"
        class="h-24 w-24 text-gray-500 dark:text-gray-100"
        data-testid="Barrel"
        viewBox="0 0 24 24"
      >
        <g
          fill="none"
          stroke="currentColor"
          stroke-linecap="round"
          stroke-linejoin="round"
          stroke-width="0.5"
        >
          <path
            d="M7.278 4h9.444a2 2 0 0 1 1.841 1.22C19.521 7.48 20 9.74 20 12c0 2.26-.479 4.52-1.437 6.78A2 2 0 0 1 16.722 20H7.278a2 2 0 0 1-1.841-1.22C4.479 16.52 4 14.26 4 12c0-2.26.479-4.52 1.437-6.78A2 2 0 0 1 7.278 4z"
          />
          <path
            d="M14 4c.667 2.667 1 5.333 1 8s-.333 5.333-1 8M10 4c-.667 2.667-1 5.333-1 8s.333 5.333 1 8m-5.5-4h15m0-8h-15"
          />
        </g>
      </svg>
      <ul
        class="list-disc pl-6 mb-2"
      >
        <li
          class="text-md text-muted-foreground"
        >
          Prix de vente au verre: 
          5
          €
        </li>
      </ul>
      <button
        aria-controls="radix-:r1:"
        aria-expanded="false"
        aria-haspopup="dialog"
        class="inline-flex items-center justify-center rounded-md text-sm font-medium transition-colors focus-visible:outline-none focus-visible:ring-1 focus-visible:ring-ring disabled:pointer-events-none disabled:opacity-50 bg-destructive text-destructive-foreground shadow-sm hover:bg-destructive/90 h-9 px-4 py-2 w-full"
        data-state="closed"
        type="button"
      >
        Fût vide
      </button>
    </div>
  </div>
</div>
`;
